// Jest Snapshot v1, https://goo.gl/fbAQLP

exports[`<App /> Can be rendered 1`] = `
<div
  className="kth-kpm"
>
  <div
    className="kth-kpm__container"
  >
    <nav
      aria-label="Websites"
      className="kpm-entrances-expandable"
    >
      <button
        aria-controls="kpm-6cf53-entrances"
        aria-expanded="false"
        className="kth-menu-item dropdown"
        onClick={[Function]}
      >
        kth.se
      </button>
      <div
        className="kpm-mini-dialog"
        id="kpm-6cf53-entrances"
      >
        <ul>
          <li>
            <a
              href="https://kth.se/en"
            >
              kth.se
            </a>
          </li>
          <li>
            <a
              href="https://kth.se/en/student"
            >
              Student web
            </a>
          </li>
          <li>
            <a
              href="https://intra.kth.se/en"
            >
              Intranet
            </a>
          </li>
        </ul>
      </div>
    </nav>
    <nav
      aria-label="Websites"
      className="kth-entrances kpm-entrances"
    >
      <ul>
        <li>
          <a
            aria-current={false}
            className="kth-menu-item"
            href="https://kth.se"
          >
            kth.se
          </a>
        </li>
        <li>
          <a
            aria-current={false}
            className="kth-menu-item"
            href="https://kth.se/student"
          >
            Student web
          </a>
        </li>
        <li>
          <a
            aria-current={false}
            className="kth-menu-item"
            href="https://intra.kth.se"
          >
            Intranet
          </a>
        </li>
      </ul>
    </nav>
    <nav
      className="kpm-menu"
    >
      <ul>
        <li
          className="kpm-mobile-menu kpm-mobile"
        >
          <a
            className="kth-menu-item dropdown"
            onClick={[Function]}
          >
            <img
              alt=""
              className="kpm-profile-image"
              src="https://www-r.referens.sys.kth.se/files/thumbnail/jhsware"
            />
            <span>
              Personal menu
            </span>
          </a>
        </li>
        <li>
          <a
            className="kpm-menu-item kth-menu-item dropdown"
            href="#/studies"
            id="kpmMenuStudies"
            onClick={[Function]}
          >
            <span>
              Studies
            </span>
          </a>
        </li>
        <li>
          <a
            className="kpm-menu-item kth-menu-item dropdown"
            href="#/teaching"
            id="kpmMenuTeaching"
            onClick={[Function]}
          >
            <span>
              Teaching
            </span>
          </a>
        </li>
        <li>
          <a
            className="kpm-menu-item kth-menu-item dropdown"
            href="#/programme"
            id="kpmMenuProgramme"
            onClick={[Function]}
          >
            <span>
              Programme
            </span>
          </a>
        </li>
        <li>
          <a
            className="kpm-menu-item kth-menu-item dropdown"
            href="#/groups"
            id="kpmMenuGroups"
            onClick={[Function]}
          >
            <span>
              Groups
            </span>
          </a>
        </li>
        <li>
          <a
            className="kpm-menu-item kth-menu-item dropdown"
            href="#/services"
            id="kpmMenuServices"
            onClick={[Function]}
          >
            <span>
              Services
            </span>
          </a>
        </li>
        <li
          className="kpm-profile-item kpm-mobile"
        >
          <a
            className="kpm-menu-item kth-menu-item dropdown"
            href="#/profile"
            onClick={[Function]}
          >
            <img
              alt=""
              className="kpm-profile-image"
              src="https://www-r.referens.sys.kth.se/files/thumbnail/jhsware"
            />
            Profile
          </a>
        </li>
        <li
          className="kpm-schedule-item"
        >
          <a
            className="kth-menu-item"
            href="https://www.kth.se/social/home/calendar/"
          >
            Schedule
          </a>
        </li>
        <li>
          <ul
            className="kpm-menu-shotcuts"
          >
            <li>
              <a
                className="kpm-icon-button mail"
                href="https://webmail.kth.se/"
              >
                <span
                  className="kth-visually-hidden"
                >
                  KTH Webmail
                </span>
              </a>
            </li>
            <li>
              <a
                className="kpm-icon-button kpm-feed"
                href="https://www.kth.se/social/home/subscriptions/"
              >
                <span
                  className="kth-visually-hidden"
                >
                  News feed
                </span>
              </a>
            </li>
            <li>
              <a
                className="kpm-icon-button notifications kpm-has-new-notices"
                href="https://www.kth.se/social/notifications/notice_list/"
              >
                <span
                  className="kth-visually-hidden"
                >
                  Direct notifications
                </span>
                <span
                  className="kpm-notice-new"
                >
                  3
                  <span
                    className="kth-visually-hidden"
                  >
                    new
                  </span>
                </span>
              </a>
            </li>
          </ul>
        </li>
        <li
          className="kpm-profile-item kpm-desktop"
        >
          <a
            className="kpm-menu-item kth-menu-item dropdown"
            href="#/profile"
            id="kpmMenuProfile"
            onClick={[Function]}
          >
            <img
              alt="Profile"
              className="kpm-profile-image"
              src="https://www-r.referens.sys.kth.se/files/thumbnail/jhsware"
            />
          </a>
        </li>
        <li
          className="kpm-mobile-logout kpm-mobile"
        >
          <a
            href="/kpm/auth/logout"
          >
            Logout
          </a>
        </li>
      </ul>
      <div
        className="kpm-loading-indicator"
      />
    </nav>
  </div>
</div>
`;
