// Jest Snapshot v1, https://goo.gl/fbAQLP

exports[`<Profile /> Can be rendered 1`] = `
<dialog
  className="kpm-modal"
>
  <div
    className="kpm-modal-content"
  >
    <header
      className="kpm-modal-content-header"
    >
      <h2>
        Dr.LocalDev - Inställningar
      </h2>
      <aside
        className="kpm-modal-content-header-actions"
      >
        <a
          className="kpm-button"
          href="/kpm/auth/logout"
        >
          Logga ut
        </a>
      </aside>
    </header>
    <div
      className="kpm-col"
    >
      <h3
        className="kpm-col-header"
      >
        Om mig
      </h3>
      <ul>
        <li>
          <a
            className="kpm-profile-link"
            href="https://www.kth.se/profile/jhsware/"
          >
            <img
              alt="Profilbild"
              src="https://www.kth.se/files/thumbnail/jhsware"
            />
            Min profil
          </a>
        </li>
        <li>
          <a
            href="https://www.kth.se/emailforward"
          >
            Vidarebefordra e-post
          </a>
        </li>
        <li>
          <a
            href="https://www.student.ladok.se/student/app/studentwebb/mina-uppgifter"
          >
            Kontaktuppgifter
          </a>
           
          (i LADOK)
        </li>
      </ul>
    </div>
    <div
      className="kpm-col"
    >
      <h3
        className="kpm-col-header"
      >
        Mina inställningar
      </h3>
      <ul>
        <li>
          <a
            href="https://www.kth.se/social/home/settings/"
          >
            Prenumerationer, mitt schema
          </a>
        </li>
        <li>
          <a
            href="https://www.kth.se/social/home/calendar/settings/"
          >
            Exporter mitt schema (iCal)
          </a>
        </li>
        <li>
          <a
            href="https://login.sys.kth.se/peap.html"
          >
            Trådlöst nätverk (WiFi)
          </a>
        </li>
        <li>
          <a
            href="https://login.kth.se/password/change"
          >
            Byt lösenord
          </a>
        </li>
      </ul>
    </div>
  </div>
</dialog>
`;
